uv : <frozen importlib._bootstrap>:488: 
DeprecationWarning: builtin type 
SwigPyPacked has no __module__ attribute
At line:1 char:1
+ uv run python test_mcp_access.py > 
test_output.txt 2>&1
+ ~~~~~~~~~~~~~~~~~~~~~~~~~~~~~~~~~~~~~~~~
~~~~~~~~~~~~~~~
    + CategoryInfo          : NotSpecifie 
   d: (<frozen importl...ule__ attribute  
  :String) [], RemoteException
    + FullyQualifiedErrorId : NativeComma 
   ndError
 
<frozen importlib._bootstrap>:488: 
DeprecationWarning: builtin type 
SwigPyObject has no __module__ attribute
<frozen importlib._bootstrap>:488: 
DeprecationWarning: builtin type 
swigvarlink has no __module__ attribute
E:\Project Programs\AI-Assignment-Grader\s
erver.py:9: FutureWarning: 

All support for the `google.generativeai` 
package has ended. It will no longer be 
receiving 
updates or bug fixes. Please switch to 
the `google.genai` package as soon as 
possible.
See README for more details:

https://github.com/google-gemini/deprecate
d-generative-ai-python/blob/main/README.md

  import google.generativeai as genai
Successfully imported mcp from server
MCP Object: FastMCP('Assignment Grader')
Got tool 'parse_file': <coroutine object FastMCP.get_tool at 0x000002898ED06880>
Tool found. Attempting to run (mock)...
Tool does NOT have 'run' method.
Tool dir: ['__await__', '__class__', '__del__', '__delattr__', '__dir__', '__doc__', '__eq__', '__format__', '__ge__', '__getattribute__', '__getstate__', '__gt__', '__hash__', '__init__', '__init_subclass__', '__le__', '__lt__', '__name__', '__ne__', '__new__', '__qualname__', '__reduce__', '__reduce_ex__', '__repr__', '__setattr__', '__sizeof__', '__str__', '__subclasshook__', 'close', 'cr_await', 'cr_code', 'cr_frame', 'cr_origin', 'cr_running', 'cr_suspended', 'send', 'throw']
sys:1: RuntimeWarning: coroutine 
'FastMCP.get_tool' was never awaited
sys:1: DeprecationWarning: builtin type 
swigvarlink has no __module__ attribute
